// Jest Snapshot v1, https://goo.gl/fbAQLP

exports[`Pruebas en el <navbar /> Debe de mostrarse correctamente 1`] = `
<nav
  className="navbar navbar-expand-lg navbar-dark bg-dark"
>
  <div
    className="container-fluid"
  >
    <a
      className="navbar-brand"
      onClick={[Function]}
    >
      <h3>
         Asociaciones 
      </h3>
    </a>
    <div
      className="collapse navbar-collapse"
      id="navbarNav"
    >
      <div
        className="navbar-nav"
      >
        <a
          aria-current={null}
          className="nav-item nav-link"
          onClick={[Function]}
        >
          Marvel
        </a>
        <a
          aria-current={null}
          className="nav-item nav-link"
          onClick={[Function]}
        >
          DC
        </a>
        <a
          aria-current={null}
          className="nav-item nav-link"
          onClick={[Function]}
        >
          Search
        </a>
      </div>
    </div>
    <div
      className="d-flex"
    >
      <div
        className="navbar-nav me-2"
      >
        <span
          className="nav-item nav-link text-info"
        >
          Daniel
        </span>
        <button
          className="nav-item nav-link btn"
          onClick={[Function]}
        >
          Logout
        </button>
      </div>
    </div>
  </div>
</nav>
`;
