// Jest Snapshot v1, https://goo.gl/fbAQLP

exports[`Pruebas en <HookApp /> Debe de mostrarse <HookApp /> correctamente 1`] = `
<Fragment>
  <h1>
    Hola mundo
  </h1>
</Fragment>
`;
