// Jest Snapshot v1, https://goo.gl/fbAQLP

exports[`Pruebas en RegisterScreen Debe de mostrarse correctamente 1`] = `
Array [
  <h3
    className="auth__title"
  >
    Register
  </h3>,
  <form
    onSubmit={[Function]}
  >
    <input
      autoComplete="off"
      className="auth__input mb-1"
      name="name"
      onChange={[Function]}
      placeholder="Name"
      type="text"
      value="Daniel"
    />
    <input
      autoComplete="off"
      className="auth__input mb-1"
      name="email"
      onChange={[Function]}
      placeholder="Email"
      type="text"
      value="dssh26@outlook.com"
    />
    <input
      autoComplete="off"
      className="auth__input mb-1"
      name="password"
      onChange={[Function]}
      placeholder="Password"
      type="password"
      value="123456"
    />
    <input
      autoComplete="off"
      className="auth__input mb-1"
      name="password2"
      onChange={[Function]}
      placeholder="Confirm Password"
      type="password"
      value="123456"
    />
    <button
      className="btn btn-primary btn-block mb-5"
      type="submit"
    >
      Register
    </button>
    <a
      className="link"
      href="/auth/login"
      onClick={[Function]}
    >
      Already registered?
    </a>
  </form>,
]
`;
