// Jest Snapshot v1, https://goo.gl/fbAQLP

exports[`Prueba en <AddCategory /> debe de mostrar correctamente <AddCategory /> 1`] = `
<Fragment>
  <form
    onSubmit={[Function]}
  >
    <p>
       
       
    </p>
    <input
      onChange={[Function]}
      type="text"
      value=""
    />
  </form>
</Fragment>
`;
