// Jest Snapshot v1, https://goo.gl/fbAQLP

exports[`Pruebas en <SearchScreen /> Debe de mostrar a batman y el input con el valor del queryString 1`] = `
<div>
  <h1>
    SearchScreen
  </h1>
  <hr />
  <div
    className="row"
  >
    <div
      className="col-md-4"
    >
      <h4>
        Search Form
      </h4>
      <hr />
      <form
        onSubmit={[Function]}
      >
        <input
          className="form-control"
          name="search"
          onChange={[Function]}
          placeholder="Find your hero"
          type="text"
          value="batman"
        />
        <button
          className="btn m-1 btn-block btn-outline-primary"
          type="submit"
        >
          Search...
        </button>
      </form>
    </div>
    <div
      className="col-md-8"
    >
      <h4>
        Results
      </h4>
      <hr />
      <a
        className="card my-card m-1"
        href="/hero/dc-batman"
        onClick={[Function]}
      >
        <img
          alt="Batman"
          className="img img-responsive"
          src="./assets/heroes/dc-batman.jpg"
        />
        <div
          className="profile-name"
        >
          Batman
        </div>
        <div
          className="profile-position"
        >
          Bruce Wayne
        </div>
        <div
          className="profile-overview"
        >
          <div
            className="profile-overview"
          >
            <div
              className="row"
            >
              <div
                className="col-ms-4"
              >
                <h3>
                  DC Comics
                </h3>
                <p>
                  Primera aparici√≥n: 
                  <br />
                  Detective Comics #27
                </p>
              </div>
            </div>
          </div>
        </div>
      </a>
    </div>
  </div>
</div>
`;

exports[`Pruebas en <SearchScreen /> Debe de mostrarse correctamente 1`] = `
<div>
  <h1>
    SearchScreen
  </h1>
  <hr />
  <div
    className="row"
  >
    <div
      className="col-md-4"
    >
      <h4>
        Search Form
      </h4>
      <hr />
      <form
        onSubmit={[Function]}
      >
        <input
          className="form-control"
          name="search"
          onChange={[Function]}
          placeholder="Find your hero"
          type="text"
          value=""
        />
        <button
          className="btn m-1 btn-block btn-outline-primary"
          type="submit"
        >
          Search...
        </button>
      </form>
    </div>
    <div
      className="col-md-8"
    >
      <h4>
        Results
      </h4>
      <hr />
      <div
        className="alert alert-info"
      >
        Search a hero
      </div>
    </div>
  </div>
</div>
`;
